Archive member included because of file (symbol)

c:/program files (x86)/emblocks/1.45/share/em_armgcc/bin/../lib/gcc/arm-none-eabi/4.7.3/../../../../arm-none-eabi/lib/armv7-m\libc.a(lib_a-__atexit.o)
                              c:/program files (x86)/emblocks/1.45/share/em_armgcc/bin/../lib/gcc/arm-none-eabi/4.7.3/../../../../arm-none-eabi/lib/armv7-m/crt0.o (__register_exitproc)
c:/program files (x86)/emblocks/1.45/share/em_armgcc/bin/../lib/gcc/arm-none-eabi/4.7.3/../../../../arm-none-eabi/lib/armv7-m\libc.a(lib_a-exit.o)
                              c:/program files (x86)/emblocks/1.45/share/em_armgcc/bin/../lib/gcc/arm-none-eabi/4.7.3/../../../../arm-none-eabi/lib/armv7-m/crt0.o (exit)
c:/program files (x86)/emblocks/1.45/share/em_armgcc/bin/../lib/gcc/arm-none-eabi/4.7.3/../../../../arm-none-eabi/lib/armv7-m\libc.a(lib_a-fini.o)
                              c:/program files (x86)/emblocks/1.45/share/em_armgcc/bin/../lib/gcc/arm-none-eabi/4.7.3/../../../../arm-none-eabi/lib/armv7-m/crt0.o (__libc_fini_array)
c:/program files (x86)/emblocks/1.45/share/em_armgcc/bin/../lib/gcc/arm-none-eabi/4.7.3/../../../../arm-none-eabi/lib/armv7-m\libc.a(lib_a-impure.o)
                              c:/program files (x86)/emblocks/1.45/share/em_armgcc/bin/../lib/gcc/arm-none-eabi/4.7.3/../../../../arm-none-eabi/lib/armv7-m\libc.a(lib_a-__atexit.o) (_global_impure_ptr)
c:/program files (x86)/emblocks/1.45/share/em_armgcc/bin/../lib/gcc/arm-none-eabi/4.7.3/../../../../arm-none-eabi/lib/armv7-m\libc.a(lib_a-init.o)
                              c:/program files (x86)/emblocks/1.45/share/em_armgcc/bin/../lib/gcc/arm-none-eabi/4.7.3/../../../../arm-none-eabi/lib/armv7-m/crt0.o (__libc_init_array)
c:/program files (x86)/emblocks/1.45/share/em_armgcc/bin/../lib/gcc/arm-none-eabi/4.7.3/../../../../arm-none-eabi/lib/armv7-m\libc.a(lib_a-memset.o)
                              c:/program files (x86)/emblocks/1.45/share/em_armgcc/bin/../lib/gcc/arm-none-eabi/4.7.3/../../../../arm-none-eabi/lib/armv7-m/crt0.o (memset)
c:/program files (x86)/emblocks/1.45/share/em_armgcc/bin/../lib/gcc/arm-none-eabi/4.7.3/../../../../arm-none-eabi/lib/armv7-m\libc.a(lib_a-__call_atexit.o)
                              c:/program files (x86)/emblocks/1.45/share/em_armgcc/bin/../lib/gcc/arm-none-eabi/4.7.3/../../../../arm-none-eabi/lib/armv7-m\libc.a(lib_a-exit.o) (__call_exitprocs)
c:/program files (x86)/emblocks/1.45/share/em_armgcc/bin/../lib/gcc/arm-none-eabi/4.7.3/../../../../arm-none-eabi/lib/armv7-m\libc.a(lib_a-atexit.o)
                              c:/program files (x86)/emblocks/1.45/share/em_armgcc/bin/../lib/gcc/arm-none-eabi/4.7.3/../../../../arm-none-eabi/lib/armv7-m\libc.a(lib_a-__call_atexit.o) (atexit)
c:/program files (x86)/emblocks/1.45/share/em_armgcc/bin/../lib/gcc/arm-none-eabi/4.7.3/../../../../arm-none-eabi/lib/armv7-m\libnosys.a(_exit.o)
                              c:/program files (x86)/emblocks/1.45/share/em_armgcc/bin/../lib/gcc/arm-none-eabi/4.7.3/../../../../arm-none-eabi/lib/armv7-m\libc.a(lib_a-exit.o) (_exit)

Allocating common symbols
Common symbol       size              file

SaveRState          0x2               obj\debug\usb_int.o
HSEStartUpStatus    0x1               obj\debug\hw_config.o
iButtons            0x4               obj\debug\main.o
SaveState           0x2               obj\debug\usb_init.o
Receive_length      0x4               obj\debug\usb_endp.o
wIstr               0x2               obj\debug\usb_istr.o
pProperty           0x4               obj\debug\usb_init.o
EPindex             0x1               obj\debug\usb_init.o
SaveTState          0x2               obj\debug\usb_int.o
Device_Info         0x1c              obj\debug\usb_init.o
pUser_Standard_Requests
                    0x4               obj\debug\usb_init.o
Receive_Buffer      0x40              obj\debug\hw_config.o
StatusInfo          0x2               obj\debug\usb_core.o
pInformation        0x4               obj\debug\usb_init.o
ResumeS             0x2               obj\debug\usb_pwr.o
buf                 0x400             obj\debug\hw_config.o
EP                  0x20              obj\debug\usb_pwr.o
EXTI_InitStructure  0x8               obj\debug\hw_config.o
ADC_Values          0x4               obj\debug\hw_config.o
Send_length         0x4               obj\debug\hw_config.o
wInterrupt_Mask     0x2               obj\debug\usb_init.o

Discarded input sections

 .group         0x00000000        0x8 obj\debug\hw_config.o
 .group         0x00000000        0x8 obj\debug\hw_config.o
 .group         0x00000000        0x8 obj\debug\hw_config.o
 .group         0x00000000        0x8 obj\debug\hw_config.o
 .group         0x00000000        0x8 obj\debug\hw_config.o
 .group         0x00000000        0x8 obj\debug\hw_config.o
 .group         0x00000000        0x8 obj\debug\hw_config.o
 .group         0x00000000        0x8 obj\debug\hw_config.o
 .group         0x00000000        0x8 obj\debug\hw_config.o
[...]
Memory Configuration

Name             Origin             Length             Attributes
FLASH            0x08000000         0x00010000         xr
RAM              0x20000000         0x00005000         xrw
*default*        0x00000000         0xffffffff

Linker script and memory map

LOAD c:/program files (x86)/emblocks/1.45/share/em_armgcc/bin/../lib/gcc/arm-none-eabi/4.7.3/armv7-m/crti.o
LOAD c:/program files (x86)/emblocks/1.45/share/em_armgcc/bin/../lib/gcc/arm-none-eabi/4.7.3/armv7-m/crtbegin.o
LOAD c:/program files (x86)/emblocks/1.45/share/em_armgcc/bin/../lib/gcc/arm-none-eabi/4.7.3/../../../../arm-none-eabi/lib/armv7-m/crt0.o
                0x00000000                __HEAP_SIZE = 0x0
                0x00000100                __STACK_SIZE = 0x100

.text           0x08000000     0x9814
 *(.isr_vector)
 .isr_vector    0x08000000       0xec obj\debug\startup_stm32f10x_md.o
                0x08000000                __isr_vector
 *(.text*)
 .text          0x080000ec        0x0 c:/program files (x86)/emblocks/1.45/share/em_armgcc/bin/../lib/gcc/arm-none-eabi/4.7.3/armv7-m/crti.o
 .text          0x080000ec       0x54 c:/program files (x86)/emblocks/1.45/share/em_armgcc/bin/../lib/gcc/arm-none-eabi/4.7.3/armv7-m/crtbegin.o
 .text          0x08000140       0x70 c:/program files (x86)/emblocks/1.45/share/em_armgcc/bin/../lib/gcc/arm-none-eabi/4.7.3/../../../../arm-none-eabi/lib/armv7-m/crt0.o
                0x08000140                _start
                0x08000140                start
                0x08000140                _mainCRTStartup
 .text          0x080001b0      0x998 obj\debug\hw_config.o
                0x080001e8                set_DMA1_ch1
                0x08000264                TIM1_UP_IRQHandler
                0x080002a4                DMA1_Channel1_IRQHandler
                0x0800038c                DMA_init
                0x080003e4                SetADCChannels
                0x080004a8                ADC_init
                0x080005f0                Timer_init
                0x08000814                Set_System
                0x08000898                Set_USBClock
                0x080008b4                Enter_LowPowerMode
                0x080008cc                Leave_LowPowerMode
                0x08000910                USB_Interrupts_Config
                0x08000960                USB_Cable_Config
                0x0800099c                Get_SerialNum
                0x08000a90                CDC_Send_DATA
                0x08000b24                CDC_Receive_DATA
 .text          0x08000b48      0x3c8 obj\debug\main.o
                0x08000b48                SendVersion
                0x08000bf4                ParseCommand
                0x08000c98                CheckButtons
                0x08000d08                InitButtonsPins
                0x08000d90                main
 .text          0x08000f10       0xa0 obj\debug\startup_stm32f10x_md.o
                0x08000f10                Reset_Handler
                0x08000f56                Default_Handler
                0x08000f58                WWDG_IRQHandler
                0x08000f5a                PVD_IRQHandler
                0x08000f5c                TAMPER_IRQHandler
                0x08000f5e                RTC_IRQHandler
                0x08000f60                FLASH_IRQHandler
                0x08000f62                RCC_IRQHandler
                0x08000f64                EXTI0_IRQHandler
                0x08000f66                EXTI1_IRQHandler
                0x08000f68                EXTI2_IRQHandler
                0x08000f6a                EXTI3_IRQHandler
                0x08000f6c                EXTI4_IRQHandler
                0x08000f70                DMA1_Channel2_IRQHandler
                0x08000f72                DMA1_Channel3_IRQHandler
                0x08000f74                DMA1_Channel4_IRQHandler
                0x08000f76                DMA1_Channel5_IRQHandler
                0x08000f78                DMA1_Channel6_IRQHandler
                0x08000f7a                DMA1_Channel7_IRQHandler
                0x08000f7c                ADC1_2_IRQHandler
                0x08000f7e                USB_HP_CAN1_TX_IRQHandler
                0x08000f82                CAN1_RX1_IRQHandler
                0x08000f84                CAN1_SCE_IRQHandler
                0x08000f86                EXTI9_5_IRQHandler
                0x08000f88                TIM1_BRK_IRQHandler
                0x08000f8c                TIM1_TRG_COM_IRQHandler
                0x08000f8e                TIM1_CC_IRQHandler
                0x08000f90                TIM2_IRQHandler
                0x08000f92                TIM3_IRQHandler
                0x08000f94                TIM4_IRQHandler
                0x08000f96                I2C1_EV_IRQHandler
                0x08000f98                I2C1_ER_IRQHandler
                0x08000f9a                I2C2_EV_IRQHandler
                0x08000f9c                I2C2_ER_IRQHandler
                0x08000f9e                SPI1_IRQHandler
                0x08000fa0                SPI2_IRQHandler
                0x08000fa2                USART1_IRQHandler
                0x08000fa4                USART2_IRQHandler
                0x08000fa6                USART3_IRQHandler
                0x08000fa8                EXTI15_10_IRQHandler
                0x08000faa                RTCAlarm_IRQHandler
 .text          0x08000fb0       0x78 obj\debug\stm32_it.o
                0x08000fb0                NMI_Handler
                0x08000fbc                HardFault_Handler
                0x08000fc4                MemManage_Handler
                0x08000fcc                BusFault_Handler
                0x08000fd4                UsageFault_Handler
                0x08000fdc                SVC_Handler
                0x08000fe8                DebugMon_Handler
                0x08000ff4                PendSV_Handler
                0x08001000                SysTick_Handler
                0x0800100c                USB_LP_CAN1_RX0_IRQHandler
                0x08001018                USBWakeUp_IRQHandler
 .text          0x08001028      0x3a8 obj\debug\system_stm32f10x.o
                0x08001028                SystemInit
                0x080010d0                SystemCoreClockUpdate
 .text          0x080013d0        0x0 obj\debug\usb_desc.o
 .text          0x080013d0       0x60 obj\debug\usb_endp.o
                0x080013d0                EP1_IN_Callback
                0x080013e8                EP3_OUT_Callback
 .text          0x08001430      0x334 obj\debug\usb_istr.o
                0x08001430                USB_Istr
 .text          0x08001764      0x474 obj\debug\usb_prop.o
                0x08001764                Virtual_Com_Port_init
                0x08001794                Virtual_Com_Port_Reset
                0x08001920                Virtual_Com_Port_SetConfiguration
                0x08001950                Virtual_Com_Port_SetDeviceAddress
                0x08001968                Virtual_Com_Port_Status_In
                0x08001990                Virtual_Com_Port_Status_Out
                0x0800199c                Virtual_Com_Port_Data_Setup
                0x08001a44                Virtual_Com_Port_NoData_Setup
                0x08001a8c                Virtual_Com_Port_GetDeviceDescriptor
                0x08001ab4                Virtual_Com_Port_GetConfigDescriptor
                0x08001adc                Virtual_Com_Port_GetStringDescriptor
                0x08001b28                Virtual_Com_Port_Get_Interface_Setting
                0x08001b60                Virtual_Com_Port_GetLineCoding
                0x08001b9c                Virtual_Com_Port_SetLineCoding
 .text          0x08001bd8      0x4c4 obj\debug\usb_pwr.o
                0x08001bd8                PowerOn
                0x08001c58                PowerOff
                0x08001c98                Suspend
                0x08001e98                Resume_Init
                0x08001ed8                Resume
 .text          0x0800209c      0x1dc obj\debug\misc.o
                0x0800209c                NVIC_PriorityGroupConfig
                0x080020c4                NVIC_Init
                0x080021ac                NVIC_SetVectorTable
                0x080021d8                NVIC_SystemLPConfig
                0x0800222c                SysTick_CLKSourceConfig
 .text          0x08002278      0xb20 obj\debug\stm32f10x_adc.o
                0x08002278                ADC_DeInit
                0x08002300                ADC_Init
                0x080023b0                ADC_StructInit
                0x080023f4                ADC_Cmd
                0x0800242c                ADC_DMACmd
                0x08002464                ADC_ITConfig
                0x080024ac                ADC_ResetCalibration
                0x080024cc                ADC_GetResetCalibrationStatus
                0x08002504                ADC_StartCalibration
                0x08002524                ADC_GetCalibrationStatus
                0x0800255c                ADC_SoftwareStartConvCmd
                0x08002594                ADC_GetSoftwareStartConvStatus
                0x080025cc                ADC_DiscModeChannelCountConfig
                0x08002618                ADC_DiscModeCmd
                0x08002650                ADC_RegularChannelConfig
                0x0800280c                ADC_ExternalTrigConvCmd
                0x08002844                ADC_GetConversionValue
                0x08002860                ADC_GetDualModeConversionValue
                0x08002878                ADC_AutoInjectedConvCmd
                0x080028b0                ADC_InjectedDiscModeCmd
                0x080028e8                ADC_ExternalTrigInjectedConvConfig
                0x08002920                ADC_ExternalTrigInjectedConvCmd
                0x08002958                ADC_SoftwareStartInjectedConvCmd
                0x08002990                ADC_GetSoftwareStartInjectedConvCmdStatus
                0x080029c8                ADC_InjectedChannelConfig
                0x08002b0c                ADC_InjectedSequencerLengthConfig
                0x08002b58                ADC_SetInjectedOffset
                0x08002b8c                ADC_GetInjectedConversionValue
                0x08002bc0                ADC_AnalogWatchdogCmd
                0x08002bfc                ADC_AnalogWatchdogThresholdsConfig
                0x08002c24                ADC_AnalogWatchdogSingleChannelConfig
                0x08002c5c                ADC_TempSensorVrefintCmd
                0x08002ca8                ADC_GetFlagStatus
                0x08002ce4                ADC_ClearFlag
                0x08002d04                ADC_GetITStatus
                0x08002d68                ADC_ClearITPendingBit
 .text          0x08002d98      0x4e8 obj\debug\stm32f10x_dma.o
                0x08002d98                DMA_DeInit
                0x08002fb8                DMA_Init
                0x08003038                DMA_StructInit
                0x080030a4                DMA_Cmd
                0x080030dc                DMA_ITConfig
                0x08003118                DMA_SetCurrDataCounter
                0x08003134                DMA_GetCurrDataCounter
                0x08003150                DMA_GetFlagStatus
                0x080031b0                DMA_ClearFlag
                0x080031e8                DMA_GetITStatus
                0x08003248                DMA_ClearITPendingBit
 .text          0x08003280      0x2c0 obj\debug\stm32f10x_exti.o
                0x08003280                EXTI_DeInit
                0x080032d4                EXTI_Init
                0x0800340c                EXTI_StructInit
                0x08003440                EXTI_GenerateSWInterrupt
                0x0800346c                EXTI_GetFlagStatus
                0x080034a8                EXTI_ClearFlag
                0x080034c8                EXTI_GetITStatus
                0x08003520                EXTI_ClearITPendingBit
 .text          0x08003540      0x700 obj\debug\stm32f10x_gpio.o
                0x08003540                GPIO_DeInit
                0x08003668                GPIO_AFIODeInit
                0x08003688                GPIO_Init
                0x08003838                GPIO_StructInit
                0x08003864                GPIO_ReadInputDataBit
                0x080038a0                GPIO_ReadInputData
                0x080038bc                GPIO_ReadOutputDataBit
                0x080038f8                GPIO_ReadOutputData
                0x08003914                GPIO_SetBits
                0x08003930                GPIO_ResetBits
                0x0800394c                GPIO_WriteBit
                0x0800397c                GPIO_Write
                0x08003998                GPIO_PinLockConfig
                0x080039dc                GPIO_EventOutputConfig
                0x08003a30                GPIO_EventOutputCmd
                0x08003a50                GPIO_PinRemapConfig
                0x08003b70                GPIO_EXTILineConfig
                0x08003c20                GPIO_ETH_MediaInterfaceConfig
 .text          0x08003c40      0x9f4 obj\debug\stm32f10x_rcc.o
                0x08003c40                RCC_DeInit
                0x08003cdc                RCC_HSEConfig
                0x08003d64                RCC_WaitForHSEStartUp
                0x08003dc8                RCC_AdjustHSICalibrationValue
                0x08003e10                RCC_HSICmd
                0x08003e30                RCC_PLLConfig
                0x08003e78                RCC_PLLCmd
                0x08003e98                RCC_SYSCLKConfig
                0x08003ed8                RCC_GetSYSCLKSource
                0x08003ef8                RCC_HCLKConfig
                0x08003f38                RCC_PCLK1Config
                0x08003f78                RCC_PCLK2Config
                0x08003fbc                RCC_ITConfig
                0x0800401c                RCC_USBCLKConfig
                0x0800403c                RCC_ADCCLKConfig
                0x0800407c                RCC_LSEConfig
                0x080040dc                RCC_LSICmd
                0x080040fc                RCC_RTCCLKConfig
                0x08004128                RCC_RTCCLKCmd
                0x08004148                RCC_GetClocksFreq
                0x0800431c                RCC_AHBPeriphClockCmd
                0x08004370                RCC_APB2PeriphClockCmd
                0x080043c4                RCC_APB1PeriphClockCmd
                0x08004418                RCC_APB2PeriphResetCmd
                0x0800446c                RCC_APB1PeriphResetCmd
                0x080044c0                RCC_BackupResetCmd
                0x080044e0                RCC_ClockSecuritySystemCmd
                0x08004500                RCC_MCOConfig
                0x08004520                RCC_GetFlagStatus
                0x080045b0                RCC_ClearFlag
                0x080045d4                RCC_GetITStatus
                0x08004614                RCC_ClearITPendingBit
 .text          0x08004634     0x1fd0 obj\debug\stm32f10x_tim.o
                0x08004634                TIM_DeInit
                0x080048e4                TIM_TimeBaseInit
                0x08004a00                TIM_OC1Init
                0x08004b28                TIM_OC2Init
                0x08004c50                TIM_OC3Init
                0x08004d70                TIM_OC4Init
                0x08004e50                TIM_ICInit
                0x08004ef8                TIM_PWMIConfig
                0x08004fbc                TIM_BDTRConfig
                0x0800500c                TIM_TimeBaseStructInit
                0x08005048                TIM_OCStructInit
                0x0800509c                TIM_ICStructInit
                0x080050d8                TIM_BDTRStructInit
                0x08005124                TIM_Cmd
                0x08005164                TIM_CtrlPWMOutputs
                0x080051b4                TIM_ITConfig
                0x080051fc                TIM_GenerateEvent
                0x08005218                TIM_DMAConfig
                0x08005240                TIM_DMACmd
                0x08005288                TIM_InternalClockConfig
                0x080052ac                TIM_ITRxExternalClockConfig
                0x080052dc                TIM_TIxExternalClockConfig
                0x08005334                TIM_ETRClockMode1Config
                0x08005388                TIM_ETRClockMode2Config
                0x080053bc                TIM_ETRConfig
                0x08005408                TIM_PrescalerConfig
                0x08005430                TIM_CounterModeConfig
                0x08005468                TIM_SelectInputTrigger
                0x080054a0                TIM_EncoderInterfaceConfig
                0x08005534                TIM_ForcedOC1Config
                0x0800556c                TIM_ForcedOC2Config
                0x080055ac                TIM_ForcedOC3Config
                0x080055e4                TIM_ForcedOC4Config
                0x08005624                TIM_ARRPreloadConfig
                0x08005664                TIM_SelectCOM
                0x080056a4                TIM_SelectCCDMA
                0x080056e4                TIM_CCPreloadControl
                0x08005724                TIM_OC1PreloadConfig
                0x0800575c                TIM_OC2PreloadConfig
                0x0800579c                TIM_OC3PreloadConfig
                0x080057d4                TIM_OC4PreloadConfig
                0x08005814                TIM_OC1FastConfig
                0x0800584c                TIM_OC2FastConfig
                0x0800588c                TIM_OC3FastConfig
                0x080058c4                TIM_OC4FastConfig
                0x08005904                TIM_ClearOC1Ref
                0x0800593c                TIM_ClearOC2Ref
                0x08005980                TIM_ClearOC3Ref
                0x080059b8                TIM_ClearOC4Ref
                0x080059fc                TIM_OC1PolarityConfig
                0x08005a34                TIM_OC1NPolarityConfig
                0x08005a6c                TIM_OC2PolarityConfig
                0x08005aac                TIM_OC2NPolarityConfig
                0x08005aec                TIM_OC3PolarityConfig
                0x08005b2c                TIM_OC3NPolarityConfig
                0x08005b6c                TIM_OC4PolarityConfig
                0x08005bac                TIM_CCxCmd
                0x08005c08                TIM_CCxNCmd
                0x08005c64                TIM_SelectOCxM
                0x08005d20                TIM_UpdateDisableConfig
                0x08005d60                TIM_UpdateRequestConfig
                0x08005da0                TIM_SelectHallSensor
                0x08005de0                TIM_SelectOnePulseMode
                0x08005e18                TIM_SelectOutputTrigger
                0x08005e50                TIM_SelectSlaveMode
                0x08005e88                TIM_SelectMasterSlaveMode
                0x08005ec0                TIM_SetCounter
                0x08005edc                TIM_SetAutoreload
                0x08005ef8                TIM_SetCompare1
                0x08005f14                TIM_SetCompare2
                0x08005f30                TIM_SetCompare3
                0x08005f4c                TIM_SetCompare4
                0x08005f6c                TIM_SetIC1Prescaler
                0x08005fa4                TIM_SetIC2Prescaler
                0x08005fe0                TIM_SetIC3Prescaler
                0x08006018                TIM_SetIC4Prescaler
                0x08006054                TIM_SetClockDivision
                0x0800608c                TIM_GetCapture1
                0x080060a8                TIM_GetCapture2
                0x080060c4                TIM_GetCapture3
                0x080060e0                TIM_GetCapture4
                0x080060fc                TIM_GetCounter
                0x08006118                TIM_GetPrescaler
                0x08006134                TIM_GetFlagStatus
                0x08006174                TIM_ClearFlag
                0x08006198                TIM_GetITStatus
                0x080061f8                TIM_ClearITPendingBit
 .text          0x08006604     0x140c obj\debug\usb_core.o
                0x08006604                Standard_GetConfiguration
                0x08006650                Standard_SetConfiguration
                0x080066c4                Standard_GetInterface
                0x08006710                Standard_SetInterface
                0x080067d8                Standard_GetStatus
                0x08006994                Standard_ClearFeature
                0x08006bc4                Standard_SetEndPointFeature
                0x08006d0c                Standard_SetDeviceFeature
                0x08006d44                Standard_GetDescriptorData
                0x080076b4                Setup0_Process
                0x080077d4                In0_Process
                0x08007890                Out0_Process
                0x0800791c                Post0_Process
                0x0800797c                SetDeviceAddress
                0x08007a04                NOP_Process
 .text          0x08007a10       0x5c obj\debug\usb_init.o
                0x08007a10                USB_Init
 .text          0x08007a6c      0x56c obj\debug\usb_int.o
                0x08007a6c                CTR_LP
                0x08007e94                CTR_HP
 .text          0x08007fd8       0xf4 obj\debug\usb_mem.o
                0x08007fd8                UserToPMABufferCopy
                0x08008060                PMAToUserBufferCopy
 .text          0x080080cc     0x129c obj\debug\usb_regs.o
                0x080080cc                SetCNTR
                0x080080ec                GetCNTR
                0x08008104                SetISTR
                0x08008124                GetISTR
                0x0800813c                GetFNR
                0x08008154                SetDADDR
                0x08008174                GetDADDR
                0x0800818c                SetBTABLE
                0x080081b4                GetBTABLE
                0x080081cc                SetENDPOINT
                0x080081f8                GetENDPOINT
                0x08008220                SetEPType
                0x0800826c                GetEPType
                0x0800829c                SetEPTxStatus
                0x08008310                SetEPRxStatus
                0x08008384                SetDouBleBuffEPStall
                0x080083e0                GetEPTxStatus
                0x08008410                GetEPRxStatus
                0x08008440                SetEPTxValid
                0x08008498                SetEPRxValid
                0x080084f0                SetEP_KIND
                0x08008548                ClearEP_KIND
                0x080085a0                Clear_Status_Out
                0x080085f8                Set_Status_Out
                0x08008650                SetEPDoubleBuff
                0x080086a8                ClearEPDoubleBuff
                0x08008700                GetTxStallStatus
                0x08008738                GetRxStallStatus
                0x08008770                ClearEP_CTR_RX
                0x080087b0                ClearEP_CTR_TX
                0x080087f0                ToggleDTOG_RX
                0x08008838                ToggleDTOG_TX
                0x08008880                ClearDTOG_RX
                0x080088e0                ClearDTOG_TX
                0x08008940                SetEPAddress
                0x08008990                GetEPAddress
                0x080089c0                SetEPTxAddr
                0x08008a08                SetEPRxAddr
                0x08008a54                GetEPTxAddr
                0x08008a90                GetEPRxAddr
                0x08008ad0                SetEPTxCount
                0x08008b10                SetEPCountRxReg
                0x08008b80                SetEPRxCount
                0x08008c18                GetEPTxCount
                0x08008c60                GetEPRxCount
                0x08008ca8                SetEPDblBuffAddr
                0x08008d28                SetEPDblBuf0Addr
                0x08008d70                SetEPDblBuf1Addr
                0x08008dbc                GetEPDblBuf0Addr
                0x08008df8                GetEPDblBuf1Addr
                0x08008e38                SetEPDblBuffCount
                0x08008fbc                SetEPDblBuf0Count
                0x0800908c                SetEPDblBuf1Count
                0x0800915c                GetEPDblBuf0Count
                0x080091a4                GetEPDblBuf1Count
                0x080091ec                GetEPDblBufDir
                0x08009278                FreeUserBuffer
                0x08009304                ToWord
                0x08009334                ByteSwap
 .text          0x08009368       0xe0 obj\debug\usb_sil.o
                0x08009368                USB_SIL_Init
                0x080093a8                USB_SIL_Write
                0x080093f8                USB_SIL_Read
 .text          0x08009448        0x0 c:/program files (x86)/emblocks/1.45/share/em_armgcc/bin/../lib/gcc/arm-none-eabi/4.7.3/../../../../arm-none-eabi/lib/armv7-m\libc.a(lib_a-__atexit.o)
 .text.__register_exitproc
                0x08009448       0xb0 c:/program files (x86)/emblocks/1.45/share/em_armgcc/bin/../lib/gcc/arm-none-eabi/4.7.3/../../../../arm-none-eabi/lib/armv7-m\libc.a(lib_a-__atexit.o)
                0x08009448                __register_exitproc
 .text          0x080094f8        0x0 c:/program files (x86)/emblocks/1.45/share/em_armgcc/bin/../lib/gcc/arm-none-eabi/4.7.3/../../../../arm-none-eabi/lib/armv7-m\libc.a(lib_a-exit.o)
 .text.exit     0x080094f8       0x20 c:/program files (x86)/emblocks/1.45/share/em_armgcc/bin/../lib/gcc/arm-none-eabi/4.7.3/../../../../arm-none-eabi/lib/armv7-m\libc.a(lib_a-exit.o)
                0x080094f8                exit
 .text          0x08009518        0x0 c:/program files (x86)/emblocks/1.45/share/em_armgcc/bin/../lib/gcc/arm-none-eabi/4.7.3/../../../../arm-none-eabi/lib/armv7-m\libc.a(lib_a-fini.o)
 .text.__libc_fini_array
                0x08009518       0x2c c:/program files (x86)/emblocks/1.45/share/em_armgcc/bin/../lib/gcc/arm-none-eabi/4.7.3/../../../../arm-none-eabi/lib/armv7-m\libc.a(lib_a-fini.o)
                0x08009518                __libc_fini_array
 .text          0x08009544        0x0 c:/program files (x86)/emblocks/1.45/share/em_armgcc/bin/../lib/gcc/arm-none-eabi/4.7.3/../../../../arm-none-eabi/lib/armv7-m\libc.a(lib_a-impure.o)
 .text          0x08009544        0x0 c:/program files (x86)/emblocks/1.45/share/em_armgcc/bin/../lib/gcc/arm-none-eabi/4.7.3/../../../../arm-none-eabi/lib/armv7-m\libc.a(lib_a-init.o)
 .text.__libc_init_array
                0x08009544       0x50 c:/program files (x86)/emblocks/1.45/share/em_armgcc/bin/../lib/gcc/arm-none-eabi/4.7.3/../../../../arm-none-eabi/lib/armv7-m\libc.a(lib_a-init.o)
                0x08009544                __libc_init_array
 .text          0x08009594        0x0 c:/program files (x86)/emblocks/1.45/share/em_armgcc/bin/../lib/gcc/arm-none-eabi/4.7.3/../../../../arm-none-eabi/lib/armv7-m\libc.a(lib_a-memset.o)
 .text.memset   0x08009594       0x94 c:/program files (x86)/emblocks/1.45/share/em_armgcc/bin/../lib/gcc/arm-none-eabi/4.7.3/../../../../arm-none-eabi/lib/armv7-m\libc.a(lib_a-memset.o)
                0x08009594                memset
 .text          0x08009628        0x0 c:/program files (x86)/emblocks/1.45/share/em_armgcc/bin/../lib/gcc/arm-none-eabi/4.7.3/../../../../arm-none-eabi/lib/armv7-m\libc.a(lib_a-__call_atexit.o)
 .text.startup.register_fini
                0x08009628       0x14 c:/program files (x86)/emblocks/1.45/share/em_armgcc/bin/../lib/gcc/arm-none-eabi/4.7.3/../../../../arm-none-eabi/lib/armv7-m\libc.a(lib_a-__call_atexit.o)
 .text.__call_exitprocs
                0x0800963c       0xd8 c:/program files (x86)/emblocks/1.45/share/em_armgcc/bin/../lib/gcc/arm-none-eabi/4.7.3/../../../../arm-none-eabi/lib/armv7-m\libc.a(lib_a-__call_atexit.o)
                0x0800963c                __call_exitprocs
 .text          0x08009714        0x0 c:/program files (x86)/emblocks/1.45/share/em_armgcc/bin/../lib/gcc/arm-none-eabi/4.7.3/../../../../arm-none-eabi/lib/armv7-m\libc.a(lib_a-atexit.o)
 .text.atexit   0x08009714        0xc c:/program files (x86)/emblocks/1.45/share/em_armgcc/bin/../lib/gcc/arm-none-eabi/4.7.3/../../../../arm-none-eabi/lib/armv7-m\libc.a(lib_a-atexit.o)
                0x08009714                atexit
 .text          0x08009720        0x0 c:/program files (x86)/emblocks/1.45/share/em_armgcc/bin/../lib/gcc/arm-none-eabi/4.7.3/../../../../arm-none-eabi/lib/armv7-m\libnosys.a(_exit.o)
 .text._exit    0x08009720        0x4 c:/program files (x86)/emblocks/1.45/share/em_armgcc/bin/../lib/gcc/arm-none-eabi/4.7.3/../../../../arm-none-eabi/lib/armv7-m\libnosys.a(_exit.o)
                0x08009720                _exit
 .text          0x08009724        0x0 c:/program files (x86)/emblocks/1.45/share/em_armgcc/bin/../lib/gcc/arm-none-eabi/4.7.3/armv7-m/crtend.o
 .text          0x08009724        0x0 c:/program files (x86)/emblocks/1.45/share/em_armgcc/bin/../lib/gcc/arm-none-eabi/4.7.3/armv7-m/crtn.o
 *(.init)
 .init          0x08009724        0x4 c:/program files (x86)/emblocks/1.45/share/em_armgcc/bin/../lib/gcc/arm-none-eabi/4.7.3/armv7-m/crti.o
                0x08009724                _init
 .init          0x08009728        0x8 c:/program files (x86)/emblocks/1.45/share/em_armgcc/bin/../lib/gcc/arm-none-eabi/4.7.3/armv7-m/crtn.o
 *(.fini)
 .fini          0x08009730        0x4 c:/program files (x86)/emblocks/1.45/share/em_armgcc/bin/../lib/gcc/arm-none-eabi/4.7.3/armv7-m/crti.o
                0x08009730                _fini
 .fini          0x08009734        0x8 c:/program files (x86)/emblocks/1.45/share/em_armgcc/bin/../lib/gcc/arm-none-eabi/4.7.3/armv7-m/crtn.o
 *crtbegin.o(.ctors)
 *crtbegin?.o(.ctors)
 *(EXCLUDE_FILE(*crtend.o *crtend?.o) .ctors)
 *(SORT(.ctors.*))
 *(.ctors)
 *crtbegin.o(.dtors)
 *crtbegin?.o(.dtors)
 *(EXCLUDE_FILE(*crtend.o *crtend?.o) .dtors)
 *(SORT(.dtors.*))
 *(.dtors)
 *(.rodata*)
 .rodata        0x0800973c       0x14 obj\debug\main.o
 .rodata        0x08009750       0xb8 obj\debug\usb_desc.o
                0x08009750                Virtual_Com_Port_DeviceDescriptor
                0x08009764                Virtual_Com_Port_ConfigDescriptor
                0x080097a8                Virtual_Com_Port_StringLangID
                0x080097ac                Virtual_Com_Port_StringVendor
                0x080097d4                Virtual_Com_Port_StringProduct
 .rodata.str1.4
                0x08009808        0x4 c:/program files (x86)/emblocks/1.45/share/em_armgcc/bin/../lib/gcc/arm-none-eabi/4.7.3/../../../../arm-none-eabi/lib/armv7-m\libc.a(lib_a-impure.o)
 .rodata._global_impure_ptr
                0x0800980c        0x4 c:/program files (x86)/emblocks/1.45/share/em_armgcc/bin/../lib/gcc/arm-none-eabi/4.7.3/../../../../arm-none-eabi/lib/armv7-m\libc.a(lib_a-impure.o)
                0x0800980c                _global_impure_ptr
 *(.eh_frame*)
 .eh_frame      0x08009810        0x0 c:/program files (x86)/emblocks/1.45/share/em_armgcc/bin/../lib/gcc/arm-none-eabi/4.7.3/armv7-m/crtbegin.o
 .eh_frame      0x08009810        0x4 c:/program files (x86)/emblocks/1.45/share/em_armgcc/bin/../lib/gcc/arm-none-eabi/4.7.3/armv7-m/crtend.o

.glue_7         0x08009814        0x0
 .glue_7        0x00000000        0x0 linker stubs

.glue_7t        0x08009814        0x0
 .glue_7t       0x00000000        0x0 linker stubs

.vfp11_veneer   0x08009814        0x0
 .vfp11_veneer  0x00000000        0x0 linker stubs

.v4_bx          0x08009814        0x0
 .v4_bx         0x00000000        0x0 linker stubs

.iplt           0x08009814        0x0
 .iplt          0x00000000        0x0 c:/program files (x86)/emblocks/1.45/share/em_armgcc/bin/../lib/gcc/arm-none-eabi/4.7.3/armv7-m/crtbegin.o

.ARM.extab      0x08009814        0x0
 *(.ARM.extab* .gnu.linkonce.armextab.*)
 .ARM.extab     0x08009814        0x0 c:/program files (x86)/emblocks/1.45/share/em_armgcc/bin/../lib/gcc/arm-none-eabi/4.7.3/../../../../arm-none-eabi/lib/armv7-m/crt0.o
                0x08009814                __exidx_start = .

.ARM.exidx      0x08009814        0x8
 *(.ARM.exidx* .gnu.linkonce.armexidx.*)
 .ARM.exidx     0x08009814        0x8 c:/program files (x86)/emblocks/1.45/share/em_armgcc/bin/../lib/gcc/arm-none-eabi/4.7.3/../../../../arm-none-eabi/lib/armv7-m/crt0.o
                0x0800981c                __exidx_end = .
                0x0800981c                __etext = .

.rel.dyn        0x0800981c        0x0
 .rel.iplt      0x00000000        0x0 c:/program files (x86)/emblocks/1.45/share/em_armgcc/bin/../lib/gcc/arm-none-eabi/4.7.3/armv7-m/crtbegin.o

.data           0x20000000      0x560 load address 0x0800981c
                0x20000000                __data_start__ = .
 *(vtable)
 *(.data*)
 .data          0x20000000        0x0 c:/program files (x86)/emblocks/1.45/share/em_armgcc/bin/../lib/gcc/arm-none-eabi/4.7.3/armv7-m/crti.o
 .data          0x20000000        0x4 c:/program files (x86)/emblocks/1.45/share/em_armgcc/bin/../lib/gcc/arm-none-eabi/4.7.3/armv7-m/crtbegin.o
                0x20000000                __dso_handle
 .data          0x20000004        0x0 c:/program files (x86)/emblocks/1.45/share/em_armgcc/bin/../lib/gcc/arm-none-eabi/4.7.3/../../../../arm-none-eabi/lib/armv7-m/crt0.o
 .data          0x20000004        0x8 obj\debug\hw_config.o
                0x20000004                active_ch_nums
                0x20000008                CH_active
 .data          0x2000000c        0x8 obj\debug\main.o
                0x2000000c                packet_sent
                0x20000010                packet_receive
 .data          0x20000014        0x0 obj\debug\startup_stm32f10x_md.o
 .data          0x20000014        0x0 obj\debug\stm32_it.o
 .data          0x20000014       0x14 obj\debug\system_stm32f10x.o
                0x20000014                SystemCoreClock
                0x20000018                AHBPrescTable
 .data          0x20000028       0x1c obj\debug\usb_desc.o
                0x20000028                Virtual_Com_Port_StringSerial
 .data          0x20000044        0x0 obj\debug\usb_endp.o
 .data          0x20000044       0x38 obj\debug\usb_istr.o
                0x20000044                pEpInt_IN
                0x20000060                pEpInt_OUT
 .data          0x2000007c       0x90 obj\debug\usb_prop.o
                0x2000007c                linecoding
                0x20000084                Device_Table
                0x20000088                Device_Property
                0x200000b8                User_Standard_Requests
                0x200000dc                Device_Descriptor
                0x200000e4                Config_Descriptor
                0x200000ec                String_Descriptor
 .data          0x2000010c        0x1 obj\debug\usb_pwr.o
                0x2000010c                fSuspendEnabled
 .data          0x2000010d        0x0 obj\debug\misc.o
 .data          0x2000010d        0x0 obj\debug\stm32f10x_adc.o
 .data          0x2000010d        0x0 obj\debug\stm32f10x_dma.o
 .data          0x2000010d        0x0 obj\debug\stm32f10x_exti.o
 .data          0x2000010d        0x0 obj\debug\stm32f10x_gpio.o
 *fill*         0x2000010d        0x3 
 .data          0x20000110       0x14 obj\debug\stm32f10x_rcc.o
 .data          0x20000124        0x0 obj\debug\stm32f10x_tim.o
 .data          0x20000124        0x0 obj\debug\usb_core.o
 .data          0x20000124        0x0 obj\debug\usb_init.o
 .data          0x20000124        0x0 obj\debug\usb_int.o
 .data          0x20000124        0x0 obj\debug\usb_mem.o
 .data          0x20000124        0x0 obj\debug\usb_regs.o
 .data          0x20000124        0x0 obj\debug\usb_sil.o
 .data          0x20000124        0x0 c:/program files (x86)/emblocks/1.45/share/em_armgcc/bin/../lib/gcc/arm-none-eabi/4.7.3/../../../../arm-none-eabi/lib/armv7-m\libc.a(lib_a-__atexit.o)
 .data          0x20000124        0x0 c:/program files (x86)/emblocks/1.45/share/em_armgcc/bin/../lib/gcc/arm-none-eabi/4.7.3/../../../../arm-none-eabi/lib/armv7-m\libc.a(lib_a-exit.o)
 .data          0x20000124        0x0 c:/program files (x86)/emblocks/1.45/share/em_armgcc/bin/../lib/gcc/arm-none-eabi/4.7.3/../../../../arm-none-eabi/lib/armv7-m\libc.a(lib_a-fini.o)
 .data          0x20000124        0x0 c:/program files (x86)/emblocks/1.45/share/em_armgcc/bin/../lib/gcc/arm-none-eabi/4.7.3/../../../../arm-none-eabi/lib/armv7-m\libc.a(lib_a-impure.o)
 *fill*         0x20000124        0x4 
 .data.impure_data
                0x20000128      0x428 c:/program files (x86)/emblocks/1.45/share/em_armgcc/bin/../lib/gcc/arm-none-eabi/4.7.3/../../../../arm-none-eabi/lib/armv7-m\libc.a(lib_a-impure.o)
 .data._impure_ptr
                0x20000550        0x4 c:/program files (x86)/emblocks/1.45/share/em_armgcc/bin/../lib/gcc/arm-none-eabi/4.7.3/../../../../arm-none-eabi/lib/armv7-m\libc.a(lib_a-impure.o)
                0x20000550                _impure_ptr
 .data          0x20000554        0x0 c:/program files (x86)/emblocks/1.45/share/em_armgcc/bin/../lib/gcc/arm-none-eabi/4.7.3/../../../../arm-none-eabi/lib/armv7-m\libc.a(lib_a-init.o)
 .data          0x20000554        0x0 c:/program files (x86)/emblocks/1.45/share/em_armgcc/bin/../lib/gcc/arm-none-eabi/4.7.3/../../../../arm-none-eabi/lib/armv7-m\libc.a(lib_a-memset.o)
 .data          0x20000554        0x0 c:/program files (x86)/emblocks/1.45/share/em_armgcc/bin/../lib/gcc/arm-none-eabi/4.7.3/../../../../arm-none-eabi/lib/armv7-m\libc.a(lib_a-__call_atexit.o)
 .data          0x20000554        0x0 c:/program files (x86)/emblocks/1.45/share/em_armgcc/bin/../lib/gcc/arm-none-eabi/4.7.3/../../../../arm-none-eabi/lib/armv7-m\libc.a(lib_a-atexit.o)
 .data          0x20000554        0x0 c:/program files (x86)/emblocks/1.45/share/em_armgcc/bin/../lib/gcc/arm-none-eabi/4.7.3/../../../../arm-none-eabi/lib/armv7-m\libnosys.a(_exit.o)
 .data          0x20000554        0x0 c:/program files (x86)/emblocks/1.45/share/em_armgcc/bin/../lib/gcc/arm-none-eabi/4.7.3/armv7-m/crtend.o
 .data          0x20000554        0x0 c:/program files (x86)/emblocks/1.45/share/em_armgcc/bin/../lib/gcc/arm-none-eabi/4.7.3/armv7-m/crtn.o
                0x20000554                . = ALIGN (0x4)
                0x20000554                PROVIDE (__preinit_array_start, .)
 *(.preinit_array)
                0x20000554                PROVIDE (__preinit_array_end, .)
                0x20000554                . = ALIGN (0x4)
                0x20000554                PROVIDE (__init_array_start, .)
 *(SORT(.init_array.*))
 .init_array.00000
                0x20000554        0x4 c:/program files (x86)/emblocks/1.45/share/em_armgcc/bin/../lib/gcc/arm-none-eabi/4.7.3/../../../../arm-none-eabi/lib/armv7-m\libc.a(lib_a-__call_atexit.o)
 *(.init_array)
 .init_array    0x20000558        0x4 c:/program files (x86)/emblocks/1.45/share/em_armgcc/bin/../lib/gcc/arm-none-eabi/4.7.3/armv7-m/crtbegin.o
                0x2000055c                PROVIDE (__init_array_end, .)
                0x2000055c                . = ALIGN (0x4)
                0x2000055c                PROVIDE (__fini_array_start, .)
 *(SORT(.fini_array.*))
 *(.fini_array)
 .fini_array    0x2000055c        0x4 c:/program files (x86)/emblocks/1.45/share/em_armgcc/bin/../lib/gcc/arm-none-eabi/4.7.3/armv7-m/crtbegin.o
                0x20000560                PROVIDE (__fini_array_end, .)
                0x20000560                . = ALIGN (0x4)
                0x20000560                __data_end__ = .

.jcr            0x20000560        0x4 load address 0x08009d7c
 .jcr           0x20000560        0x0 c:/program files (x86)/emblocks/1.45/share/em_armgcc/bin/../lib/gcc/arm-none-eabi/4.7.3/armv7-m/crtbegin.o
 .jcr           0x20000560        0x4 c:/program files (x86)/emblocks/1.45/share/em_armgcc/bin/../lib/gcc/arm-none-eabi/4.7.3/armv7-m/crtend.o

.igot.plt       0x20000564        0x0 load address 0x08009d80
 .igot.plt      0x00000000        0x0 c:/program files (x86)/emblocks/1.45/share/em_armgcc/bin/../lib/gcc/arm-none-eabi/4.7.3/armv7-m/crtbegin.o

.bss            0x20000564      0x50a load address 0x08009d80
                0x20000564                __bss_start__ = .
 *(.bss*)
 .bss           0x20000564        0x0 c:/program files (x86)/emblocks/1.45/share/em_armgcc/bin/../lib/gcc/arm-none-eabi/4.7.3/armv7-m/crti.o
 .bss           0x20000564       0x1c c:/program files (x86)/emblocks/1.45/share/em_armgcc/bin/../lib/gcc/arm-none-eabi/4.7.3/armv7-m/crtbegin.o
 .bss           0x20000580        0x0 c:/program files (x86)/emblocks/1.45/share/em_armgcc/bin/../lib/gcc/arm-none-eabi/4.7.3/../../../../arm-none-eabi/lib/armv7-m/crt0.o
 .bss           0x20000580       0x14 obj\debug\hw_config.o
                0x20000580                to_fill
                0x20000584                to_send
                0x20000588                fill_count
                0x2000058c                TIM_CNT
                0x20000590                TIM_OVR
 .bss           0x20000594        0x0 obj\debug\main.o
 .bss           0x20000594        0x0 obj\debug\startup_stm32f10x_md.o
 .bss           0x20000594        0x0 obj\debug\stm32_it.o
 .bss           0x20000594        0x0 obj\debug\system_stm32f10x.o
 .bss           0x20000594        0x0 obj\debug\usb_desc.o
 .bss           0x20000594        0x0 obj\debug\usb_endp.o
 .bss           0x20000594        0xc obj\debug\usb_istr.o
                0x20000594                bIntPackSOF
                0x20000598                esof_counter
                0x2000059c                wCNTR
 .bss           0x200005a0        0x1 obj\debug\usb_prop.o
                0x200005a0                Request
 *fill*         0x200005a1        0x3 
 .bss           0x200005a4        0x8 obj\debug\usb_pwr.o
                0x200005a4                bDeviceState
                0x200005a8                remotewakeupon
 .bss           0x200005ac        0x0 obj\debug\misc.o
 .bss           0x200005ac        0x0 obj\debug\stm32f10x_adc.o
 .bss           0x200005ac        0x0 obj\debug\stm32f10x_dma.o
 .bss           0x200005ac        0x0 obj\debug\stm32f10x_exti.o
 .bss           0x200005ac        0x0 obj\debug\stm32f10x_gpio.o
 .bss           0x200005ac        0x0 obj\debug\stm32f10x_rcc.o
 .bss           0x200005ac        0x0 obj\debug\stm32f10x_tim.o
 .bss           0x200005ac        0x1 obj\debug\usb_core.o
                0x200005ac                Data_Mul_MaxPacketSize
 .bss           0x200005ad        0x0 obj\debug\usb_init.o
 .bss           0x200005ad        0x0 obj\debug\usb_int.o
 .bss           0x200005ad        0x0 obj\debug\usb_mem.o
 .bss           0x200005ad        0x0 obj\debug\usb_regs.o
 .bss           0x200005ad        0x0 obj\debug\usb_sil.o
 .bss           0x200005ad        0x0 c:/program files (x86)/emblocks/1.45/share/em_armgcc/bin/../lib/gcc/arm-none-eabi/4.7.3/../../../../arm-none-eabi/lib/armv7-m\libc.a(lib_a-__atexit.o)
 .bss           0x200005ad        0x0 c:/program files (x86)/emblocks/1.45/share/em_armgcc/bin/../lib/gcc/arm-none-eabi/4.7.3/../../../../arm-none-eabi/lib/armv7-m\libc.a(lib_a-exit.o)
 .bss           0x200005ad        0x0 c:/program files (x86)/emblocks/1.45/share/em_armgcc/bin/../lib/gcc/arm-none-eabi/4.7.3/../../../../arm-none-eabi/lib/armv7-m\libc.a(lib_a-fini.o)
 .bss           0x200005ad        0x0 c:/program files (x86)/emblocks/1.45/share/em_armgcc/bin/../lib/gcc/arm-none-eabi/4.7.3/../../../../arm-none-eabi/lib/armv7-m\libc.a(lib_a-impure.o)
 .bss           0x200005ad        0x0 c:/program files (x86)/emblocks/1.45/share/em_armgcc/bin/../lib/gcc/arm-none-eabi/4.7.3/../../../../arm-none-eabi/lib/armv7-m\libc.a(lib_a-init.o)
 .bss           0x200005ad        0x0 c:/program files (x86)/emblocks/1.45/share/em_armgcc/bin/../lib/gcc/arm-none-eabi/4.7.3/../../../../arm-none-eabi/lib/armv7-m\libc.a(lib_a-memset.o)
 .bss           0x200005ad        0x0 c:/program files (x86)/emblocks/1.45/share/em_armgcc/bin/../lib/gcc/arm-none-eabi/4.7.3/../../../../arm-none-eabi/lib/armv7-m\libc.a(lib_a-__call_atexit.o)
 .bss           0x200005ad        0x0 c:/program files (x86)/emblocks/1.45/share/em_armgcc/bin/../lib/gcc/arm-none-eabi/4.7.3/../../../../arm-none-eabi/lib/armv7-m\libc.a(lib_a-atexit.o)
 .bss           0x200005ad        0x0 c:/program files (x86)/emblocks/1.45/share/em_armgcc/bin/../lib/gcc/arm-none-eabi/4.7.3/../../../../arm-none-eabi/lib/armv7-m\libnosys.a(_exit.o)
 .bss           0x200005ad        0x0 c:/program files (x86)/emblocks/1.45/share/em_armgcc/bin/../lib/gcc/arm-none-eabi/4.7.3/armv7-m/crtend.o
 .bss           0x200005ad        0x0 c:/program files (x86)/emblocks/1.45/share/em_armgcc/bin/../lib/gcc/arm-none-eabi/4.7.3/armv7-m/crtn.o
 *(COMMON)
 *fill*         0x200005ad        0x3 
 COMMON         0x200005b0      0x454 obj\debug\hw_config.o
                0x200005b0                HSEStartUpStatus
                0x200005b4                Receive_Buffer
                0x200005f4                buf
                0x200009f4                EXTI_InitStructure
                0x200009fc                ADC_Values
                0x20000a00                Send_length
 COMMON         0x20000a04        0x4 obj\debug\main.o
                0x20000a04                iButtons
 COMMON         0x20000a08        0x4 obj\debug\usb_endp.o
                0x20000a08                Receive_length
 COMMON         0x20000a0c        0x2 obj\debug\usb_istr.o
                0x20000a0c                wIstr
 *fill*         0x20000a0e        0x2 
 COMMON         0x20000a10       0x24 obj\debug\usb_pwr.o
                0x20000a10                ResumeS
                0x20000a14                EP
 COMMON         0x20000a34        0x2 obj\debug\usb_core.o
                0x20000a34                StatusInfo
 *fill*         0x20000a36        0x2 
 COMMON         0x20000a38       0x32 obj\debug\usb_init.o
                0x20000a38                SaveState
                0x20000a3c                pProperty
                0x20000a40                EPindex
                0x20000a44                Device_Info
                0x20000a60                pUser_Standard_Requests
                0x20000a64                pInformation
                0x20000a68                wInterrupt_Mask
 COMMON         0x20000a6a        0x4 obj\debug\usb_int.o
                0x20000a6a                SaveRState
                0x20000a6c                SaveTState
                0x20000a6e                __bss_end__ = .

.heap           0x20000a70        0x0
                0x20000a70                __end__ = .
                0x20000a70                end = __end__
 *(.heap*)
 .heap          0x20000a70        0x0 obj\debug\startup_stm32f10x_md.o
                0x20000a70                __HeapLimit = .

.stack_dummy    0x20000a70      0x100
 *(.stack)
 .stack         0x20000a70      0x100 obj\debug\startup_stm32f10x_md.o
                0x20005000                __StackTop = (ORIGIN (RAM) + 0x5000)
                0x20004f00                __StackLimit = (__StackTop - SIZEOF (.stack_dummy))
                0x20005000                PROVIDE (__stack, __StackTop)
                0x00000001                ASSERT ((__StackLimit >= __HeapLimit), region RAM overflowed with stack)
LOAD obj\debug\hw_config.o
LOAD obj\debug\main.o
LOAD obj\debug\startup_stm32f10x_md.o
LOAD obj\debug\stm32_it.o
LOAD obj\debug\system_stm32f10x.o
LOAD obj\debug\usb_desc.o
LOAD obj\debug\usb_endp.o
LOAD obj\debug\usb_istr.o
LOAD obj\debug\usb_prop.o
LOAD obj\debug\usb_pwr.o
LOAD obj\debug\misc.o
LOAD obj\debug\stm32f10x_adc.o
LOAD obj\debug\stm32f10x_dma.o
LOAD obj\debug\stm32f10x_exti.o
LOAD obj\debug\stm32f10x_gpio.o
LOAD obj\debug\stm32f10x_rcc.o
LOAD obj\debug\stm32f10x_tim.o
LOAD obj\debug\usb_core.o
LOAD obj\debug\usb_init.o
LOAD obj\debug\usb_int.o
LOAD obj\debug\usb_mem.o
LOAD obj\debug\usb_regs.o
LOAD obj\debug\usb_sil.o
START GROUP
LOAD c:/program files (x86)/emblocks/1.45/share/em_armgcc/bin/../lib/gcc/arm-none-eabi/4.7.3/armv7-m\libgcc.a
LOAD c:/program files (x86)/emblocks/1.45/share/em_armgcc/bin/../lib/gcc/arm-none-eabi/4.7.3/../../../../arm-none-eabi/lib/armv7-m\libc.a
LOAD c:/program files (x86)/emblocks/1.45/share/em_armgcc/bin/../lib/gcc/arm-none-eabi/4.7.3/../../../../arm-none-eabi/lib/armv7-m\libg.a
LOAD c:/program files (x86)/emblocks/1.45/share/em_armgcc/bin/../lib/gcc/arm-none-eabi/4.7.3/../../../../arm-none-eabi/lib/armv7-m\libm.a
LOAD c:/program files (x86)/emblocks/1.45/share/em_armgcc/bin/../lib/gcc/arm-none-eabi/4.7.3/../../../../arm-none-eabi/lib/armv7-m\libnosys.a
END GROUP
LOAD c:/program files (x86)/emblocks/1.45/share/em_armgcc/bin/../lib/gcc/arm-none-eabi/4.7.3/armv7-m/crtend.o
LOAD c:/program files (x86)/emblocks/1.45/share/em_armgcc/bin/../lib/gcc/arm-none-eabi/4.7.3/armv7-m/crtn.o
OUTPUT(bin\Debug\oscl-stm32.elf elf32-littlearm)

.ARM.attributes
                0x00000000       0x29
 .ARM.attributes
                0x00000000       0x1d c:/program files (x86)/emblocks/1.45/share/em_armgcc/bin/../lib/gcc/arm-none-eabi/4.7.3/armv7-m/crti.o
 .ARM.attributes
                0x0000001d       0x2d c:/program files (x86)/emblocks/1.45/share/em_armgcc/bin/../lib/gcc/arm-none-eabi/4.7.3/armv7-m/crtbegin.o
 .ARM.attributes
                0x0000004a       0x1b c:/program files (x86)/emblocks/1.45/share/em_armgcc/bin/../lib/gcc/arm-none-eabi/4.7.3/../../../../arm-none-eabi/lib/armv7-m/crt0.o
 .ARM.attributes
                0x00000065       0x33 obj\debug\hw_config.o
 .ARM.attributes
                0x00000098       0x33 obj\debug\main.o
 .ARM.attributes
                0x000000cb       0x1b obj\debug\startup_stm32f10x_md.o
 .ARM.attributes
                0x000000e6       0x33 obj\debug\stm32_it.o
 .ARM.attributes
                0x00000119       0x33 obj\debug\system_stm32f10x.o
 .ARM.attributes
                0x0000014c       0x33 obj\debug\usb_desc.o
 .ARM.attributes
                0x0000017f       0x33 obj\debug\usb_endp.o
 .ARM.attributes
                0x000001b2       0x33 obj\debug\usb_istr.o
 .ARM.attributes
                0x000001e5       0x33 obj\debug\usb_prop.o
 .ARM.attributes
                0x00000218       0x33 obj\debug\usb_pwr.o
 .ARM.attributes
                0x0000024b       0x33 obj\debug\misc.o
 .ARM.attributes
                0x0000027e       0x33 obj\debug\stm32f10x_adc.o
 .ARM.attributes
                0x000002b1       0x33 obj\debug\stm32f10x_dma.o
 .ARM.attributes
                0x000002e4       0x33 obj\debug\stm32f10x_exti.o
 .ARM.attributes
                0x00000317       0x33 obj\debug\stm32f10x_gpio.o
 .ARM.attributes
                0x0000034a       0x33 obj\debug\stm32f10x_rcc.o
 .ARM.attributes
                0x0000037d       0x33 obj\debug\stm32f10x_tim.o
 .ARM.attributes
                0x000003b0       0x33 obj\debug\usb_core.o
 .ARM.attributes
                0x000003e3       0x33 obj\debug\usb_init.o
 .ARM.attributes
                0x00000416       0x33 obj\debug\usb_int.o
 .ARM.attributes
                0x00000449       0x33 obj\debug\usb_mem.o
 .ARM.attributes
                0x0000047c       0x33 obj\debug\usb_regs.o
 .ARM.attributes
                0x000004af       0x33 obj\debug\usb_sil.o
 .ARM.attributes
                0x000004e2       0x2d c:/program files (x86)/emblocks/1.45/share/em_armgcc/bin/../lib/gcc/arm-none-eabi/4.7.3/../../../../arm-none-eabi/lib/armv7-m\libc.a(lib_a-__atexit.o)
 .ARM.attributes
                0x0000050f       0x2d c:/program files (x86)/emblocks/1.45/share/em_armgcc/bin/../lib/gcc/arm-none-eabi/4.7.3/../../../../arm-none-eabi/lib/armv7-m\libc.a(lib_a-exit.o)
 .ARM.attributes
                0x0000053c       0x2d c:/program files (x86)/emblocks/1.45/share/em_armgcc/bin/../lib/gcc/arm-none-eabi/4.7.3/../../../../arm-none-eabi/lib/armv7-m\libc.a(lib_a-fini.o)
 .ARM.attributes
                0x00000569       0x2d c:/program files (x86)/emblocks/1.45/share/em_armgcc/bin/../lib/gcc/arm-none-eabi/4.7.3/../../../../arm-none-eabi/lib/armv7-m\libc.a(lib_a-impure.o)
 .ARM.attributes
                0x00000596       0x2d c:/program files (x86)/emblocks/1.45/share/em_armgcc/bin/../lib/gcc/arm-none-eabi/4.7.3/../../../../arm-none-eabi/lib/armv7-m\libc.a(lib_a-init.o)
 .ARM.attributes
                0x000005c3       0x2d c:/program files (x86)/emblocks/1.45/share/em_armgcc/bin/../lib/gcc/arm-none-eabi/4.7.3/../../../../arm-none-eabi/lib/armv7-m\libc.a(lib_a-memset.o)
 .ARM.attributes
                0x000005f0       0x2d c:/program files (x86)/emblocks/1.45/share/em_armgcc/bin/../lib/gcc/arm-none-eabi/4.7.3/../../../../arm-none-eabi/lib/armv7-m\libc.a(lib_a-__call_atexit.o)
 .ARM.attributes
                0x0000061d       0x2d c:/program files (x86)/emblocks/1.45/share/em_armgcc/bin/../lib/gcc/arm-none-eabi/4.7.3/../../../../arm-none-eabi/lib/armv7-m\libc.a(lib_a-atexit.o)
 .ARM.attributes
                0x0000064a       0x2d c:/program files (x86)/emblocks/1.45/share/em_armgcc/bin/../lib/gcc/arm-none-eabi/4.7.3/../../../../arm-none-eabi/lib/armv7-m\libnosys.a(_exit.o)
 .ARM.attributes
                0x00000677       0x2d c:/program files (x86)/emblocks/1.45/share/em_armgcc/bin/../lib/gcc/arm-none-eabi/4.7.3/armv7-m/crtend.o
 .ARM.attributes
                0x000006a4       0x1d c:/program files (x86)/emblocks/1.45/share/em_armgcc/bin/../lib/gcc/arm-none-eabi/4.7.3/armv7-m/crtn.o

.comment        0x00000000       0x4e
 .comment       0x00000000       0x4e obj\debug\hw_config.o
                                 0x4f (size before relaxing)
 .comment       0x00000000       0x4f obj\debug\main.o
 .comment       0x00000000       0x4f obj\debug\stm32_it.o
 .comment       0x00000000       0x4f obj\debug\system_stm32f10x.o
 .comment       0x00000000       0x4f obj\debug\usb_desc.o
 .comment       0x00000000       0x4f obj\debug\usb_endp.o
 .comment       0x00000000       0x4f obj\debug\usb_istr.o
 .comment       0x00000000       0x4f obj\debug\usb_prop.o
 .comment       0x00000000       0x4f obj\debug\usb_pwr.o
 .comment       0x00000000       0x4f obj\debug\misc.o
 .comment       0x00000000       0x4f obj\debug\stm32f10x_adc.o
 .comment       0x00000000       0x4f obj\debug\stm32f10x_dma.o
 .comment       0x00000000       0x4f obj\debug\stm32f10x_exti.o
 .comment       0x00000000       0x4f obj\debug\stm32f10x_gpio.o
 .comment       0x00000000       0x4f obj\debug\stm32f10x_rcc.o
 .comment       0x00000000       0x4f obj\debug\stm32f10x_tim.o
 .comment       0x00000000       0x4f obj\debug\usb_core.o
 .comment       0x00000000       0x4f obj\debug\usb_init.o
 .comment       0x00000000       0x4f obj\debug\usb_int.o
 .comment       0x00000000       0x4f obj\debug\usb_mem.o
 .comment       0x00000000       0x4f obj\debug\usb_regs.o
 .comment       0x00000000       0x4f obj\debug\usb_sil.o

.debug_info     0x00000000     0x9ccb
 .debug_info    0x00000000     0x10cc obj\debug\hw_config.o
 .debug_info    0x000010cc      0x4f5 obj\debug\main.o
 .debug_info    0x000015c1       0x5a obj\debug\startup_stm32f10x_md.o
 .debug_info    0x0000161b      0x192 obj\debug\stm32_it.o
 .debug_info    0x000017ad      0x4bc obj\debug\system_stm32f10x.o
 .debug_info    0x00001c69      0x17d obj\debug\usb_desc.o
 .debug_info    0x00001de6      0x12a obj\debug\usb_endp.o
 .debug_info    0x00001f10      0x35a obj\debug\usb_istr.o
 .debug_info    0x0000226a      0x8e3 obj\debug\usb_prop.o
 .debug_info    0x00002b4d      0x54a obj\debug\usb_pwr.o
 .debug_info    0x00003097      0x596 obj\debug\misc.o
 .debug_info    0x0000362d      0xc3a obj\debug\stm32f10x_adc.o
 .debug_info    0x00004267      0x4b5 obj\debug\stm32f10x_dma.o
 .debug_info    0x0000471c      0x371 obj\debug\stm32f10x_exti.o
 .debug_info    0x00004a8d      0x73d obj\debug\stm32f10x_gpio.o
 .debug_info    0x000051ca      0x929 obj\debug\stm32f10x_rcc.o
 .debug_info    0x00005af3     0x1e7b obj\debug\stm32f10x_tim.o
 .debug_info    0x0000796e      0xc03 obj\debug\usb_core.o
 .debug_info    0x00008571      0x499 obj\debug\usb_init.o
 .debug_info    0x00008a0a      0x1e6 obj\debug\usb_int.o
 .debug_info    0x00008bf0      0x1ba obj\debug\usb_mem.o
 .debug_info    0x00008daa      0xdac obj\debug\usb_regs.o
 .debug_info    0x00009b56      0x175 obj\debug\usb_sil.o

.debug_abbrev   0x00000000     0x1ec2
 .debug_abbrev  0x00000000      0x2e7 obj\debug\hw_config.o
 .debug_abbrev  0x000002e7      0x19f obj\debug\main.o
 .debug_abbrev  0x00000486       0x14 obj\debug\startup_stm32f10x_md.o
 .debug_abbrev  0x0000049a       0x82 obj\debug\stm32_it.o
 .debug_abbrev  0x0000051c      0x151 obj\debug\system_stm32f10x.o
 .debug_abbrev  0x0000066d       0x78 obj\debug\usb_desc.o
 .debug_abbrev  0x000006e5       0xb6 obj\debug\usb_endp.o
 .debug_abbrev  0x0000079b      0x11b obj\debug\usb_istr.o
 .debug_abbrev  0x000008b6      0x1f8 obj\debug\usb_prop.o
 .debug_abbrev  0x00000aae      0x202 obj\debug\usb_pwr.o
 .debug_abbrev  0x00000cb0      0x12c obj\debug\misc.o
 .debug_abbrev  0x00000ddc      0x19d obj\debug\stm32f10x_adc.o
 .debug_abbrev  0x00000f79      0x15a obj\debug\stm32f10x_dma.o
 .debug_abbrev  0x000010d3      0x156 obj\debug\stm32f10x_exti.o
 .debug_abbrev  0x00001229      0x1cd obj\debug\stm32f10x_gpio.o
 .debug_abbrev  0x000013f6      0x1bf obj\debug\stm32f10x_rcc.o
 .debug_abbrev  0x000015b5      0x1b5 obj\debug\stm32f10x_tim.o
 .debug_abbrev  0x0000176a      0x28e obj\debug\usb_core.o
 .debug_abbrev  0x000019f8      0x123 obj\debug\usb_init.o
 .debug_abbrev  0x00001b1b       0xd3 obj\debug\usb_int.o
 .debug_abbrev  0x00001bee       0xa2 obj\debug\usb_mem.o
 .debug_abbrev  0x00001c90      0x172 obj\debug\usb_regs.o
 .debug_abbrev  0x00001e02       0xc0 obj\debug\usb_sil.o

.debug_loc      0x00000000     0x49da
 .debug_loc     0x00000000      0x3b4 obj\debug\hw_config.o
 .debug_loc     0x000003b4      0x10e obj\debug\main.o
 .debug_loc     0x000004c2      0x1e4 obj\debug\stm32_it.o
 .debug_loc     0x000006a6       0xc8 obj\debug\system_stm32f10x.o
 .debug_loc     0x0000076e       0x58 obj\debug\usb_endp.o
 .debug_loc     0x000007c6       0x38 obj\debug\usb_istr.o
 .debug_loc     0x000007fe      0x2d4 obj\debug\usb_prop.o
 .debug_loc     0x00000ad2      0x10c obj\debug\usb_pwr.o
 .debug_loc     0x00000bde      0x118 obj\debug\misc.o
 .debug_loc     0x00000cf6      0x7d4 obj\debug\stm32f10x_adc.o
 .debug_loc     0x000014ca      0x268 obj\debug\stm32f10x_dma.o
 .debug_loc     0x00001732      0x1b4 obj\debug\stm32f10x_exti.o
 .debug_loc     0x000018e6      0x3e4 obj\debug\stm32f10x_gpio.o
 .debug_loc     0x00001cca      0x6dc obj\debug\stm32f10x_rcc.o
 .debug_loc     0x000023a6     0x13e8 obj\debug\stm32f10x_tim.o
 .debug_loc     0x0000378e      0x3f8 obj\debug\usb_core.o
 .debug_loc     0x00003b86       0x2c obj\debug\usb_init.o
 .debug_loc     0x00003bb2       0x70 obj\debug\usb_int.o
 .debug_loc     0x00003c22       0x70 obj\debug\usb_mem.o
 .debug_loc     0x00003c92      0xcac obj\debug\usb_regs.o
 .debug_loc     0x0000493e       0x9c obj\debug\usb_sil.o

.debug_aranges  0x00000000      0x2d8
 .debug_aranges
                0x00000000       0x20 obj\debug\hw_config.o
 .debug_aranges
                0x00000020       0x20 obj\debug\main.o
 .debug_aranges
                0x00000040       0x20 obj\debug\startup_stm32f10x_md.o
 .debug_aranges
                0x00000060       0x20 obj\debug\stm32_it.o
 .debug_aranges
                0x00000080       0x20 obj\debug\system_stm32f10x.o
 .debug_aranges
                0x000000a0       0x18 obj\debug\usb_desc.o
 .debug_aranges
                0x000000b8       0x20 obj\debug\usb_endp.o
 .debug_aranges
                0x000000d8       0x20 obj\debug\usb_istr.o
 .debug_aranges
                0x000000f8       0x20 obj\debug\usb_prop.o
 .debug_aranges
                0x00000118       0x20 obj\debug\usb_pwr.o
 .debug_aranges
                0x00000138       0x20 obj\debug\misc.o
 .debug_aranges
                0x00000158       0x20 obj\debug\stm32f10x_adc.o
 .debug_aranges
                0x00000178       0x20 obj\debug\stm32f10x_dma.o
 .debug_aranges
                0x00000198       0x20 obj\debug\stm32f10x_exti.o
 .debug_aranges
                0x000001b8       0x20 obj\debug\stm32f10x_gpio.o
 .debug_aranges
                0x000001d8       0x20 obj\debug\stm32f10x_rcc.o
 .debug_aranges
                0x000001f8       0x20 obj\debug\stm32f10x_tim.o
 .debug_aranges
                0x00000218       0x20 obj\debug\usb_core.o
 .debug_aranges
                0x00000238       0x20 obj\debug\usb_init.o
 .debug_aranges
                0x00000258       0x20 obj\debug\usb_int.o
 .debug_aranges
                0x00000278       0x20 obj\debug\usb_mem.o
 .debug_aranges
                0x00000298       0x20 obj\debug\usb_regs.o
 .debug_aranges
                0x000002b8       0x20 obj\debug\usb_sil.o

.debug_macro    0x00000000    0x1108c
 .debug_macro   0x00000000      0x247 obj\debug\hw_config.o
 .debug_macro   0x00000247      0x81a obj\debug\hw_config.o
 .debug_macro   0x00000a61       0x5d obj\debug\hw_config.o
 .debug_macro   0x00000abe       0x3a obj\debug\hw_config.o
 .debug_macro   0x00000af8       0x3a obj\debug\hw_config.o
 .debug_macro   0x00000b32       0x10 obj\debug\hw_config.o
 .debug_macro   0x00000b42       0x2e obj\debug\hw_config.o
 .debug_macro   0x00000b70       0xa2 obj\debug\hw_config.o
 .debug_macro   0x00000c12      0x20e obj\debug\hw_config.o
 .debug_macro   0x00000e20       0x18 obj\debug\hw_config.o
 .debug_macro   0x00000e38      0xa8b obj\debug\hw_config.o
 .debug_macro   0x000018c3     0x7eb3 obj\debug\hw_config.o
 .debug_macro   0x00009776      0x2e4 obj\debug\hw_config.o
 .debug_macro   0x00009a5a      0x14a obj\debug\hw_config.o
 .debug_macro   0x00009ba4      0x3cf obj\debug\hw_config.o
 .debug_macro   0x00009f73      0x17b obj\debug\hw_config.o
 .debug_macro   0x0000a0ee       0xac obj\debug\hw_config.o
 .debug_macro   0x0000a19a      0x3b0 obj\debug\hw_config.o
 .debug_macro   0x0000a54a       0x9d obj\debug\hw_config.o
 .debug_macro   0x0000a5e7      0x2d5 obj\debug\hw_config.o
 .debug_macro   0x0000a8bc      0x279 obj\debug\hw_config.o
 .debug_macro   0x0000ab35      0x2ad obj\debug\hw_config.o
 .debug_macro   0x0000ade2      0x2b4 obj\debug\hw_config.o
 .debug_macro   0x0000b096       0x64 obj\debug\hw_config.o
 .debug_macro   0x0000b0fa       0x82 obj\debug\hw_config.o
 .debug_macro   0x0000b17c      0x3e2 obj\debug\hw_config.o
 .debug_macro   0x0000b55e       0x58 obj\debug\hw_config.o
 .debug_macro   0x0000b5b6      0x344 obj\debug\hw_config.o
 .debug_macro   0x0000b8fa      0x2c4 obj\debug\hw_config.o
 .debug_macro   0x0000bbbe      0x711 obj\debug\hw_config.o
 .debug_macro   0x0000c2cf      0x229 obj\debug\hw_config.o
 .debug_macro   0x0000c4f8       0x34 obj\debug\hw_config.o
 .debug_macro   0x0000c52c       0x8c obj\debug\hw_config.o
 .debug_macro   0x0000c5b8       0x35 obj\debug\hw_config.o
 .debug_macro   0x0000c5ed       0xe5 obj\debug\hw_config.o
 .debug_macro   0x0000c6d2       0x28 obj\debug\hw_config.o
 .debug_macro   0x0000c6fa      0x454 obj\debug\hw_config.o
 .debug_macro   0x0000cb4e       0x88 obj\debug\hw_config.o
 .debug_macro   0x0000cbd6       0x16 obj\debug\hw_config.o
 .debug_macro   0x0000cbec       0x28 obj\debug\hw_config.o
 .debug_macro   0x0000cc14       0x5e obj\debug\hw_config.o
 .debug_macro   0x0000cc72       0x6a obj\debug\hw_config.o
 .debug_macro   0x0000ccdc       0x5e obj\debug\hw_config.o
 .debug_macro   0x0000cd3a      0x2f1 obj\debug\main.o
 .debug_macro   0x0000d02b       0x3a obj\debug\main.o
 .debug_macro   0x0000d065       0x52 obj\debug\main.o
 .debug_macro   0x0000d0b7       0x19 obj\debug\main.o
 .debug_macro   0x0000d0d0      0x16d obj\debug\main.o
 .debug_macro   0x0000d23d       0xac obj\debug\main.o
 .debug_macro   0x0000d2e9       0x10 obj\debug\main.o
 .debug_macro   0x0000d2f9       0x97 obj\debug\main.o
 .debug_macro   0x0000d390       0x1f obj\debug\main.o
 .debug_macro   0x0000d3af      0x22f obj\debug\stm32_it.o
 .debug_macro   0x0000d5de      0x193 obj\debug\system_stm32f10x.o
 .debug_macro   0x0000d771      0x220 obj\debug\usb_desc.o
 .debug_macro   0x0000d991      0x23c obj\debug\usb_endp.o
 .debug_macro   0x0000dbcd      0x238 obj\debug\usb_istr.o
 .debug_macro   0x0000de05      0x233 obj\debug\usb_prop.o
 .debug_macro   0x0000e038      0x221 obj\debug\usb_pwr.o
 .debug_macro   0x0000e259      0x196 obj\debug\misc.o
 .debug_macro   0x0000e3ef       0x86 obj\debug\misc.o
 .debug_macro   0x0000e475      0x28e obj\debug\stm32f10x_adc.o
 .debug_macro   0x0000e703      0x144 obj\debug\stm32f10x_adc.o
 .debug_macro   0x0000e847      0x1e4 obj\debug\stm32f10x_dma.o
 .debug_macro   0x0000ea2b      0x3aa obj\debug\stm32f10x_dma.o
 .debug_macro   0x0000edd5      0x196 obj\debug\stm32f10x_exti.o
 .debug_macro   0x0000ef6b       0x97 obj\debug\stm32f10x_exti.o
 .debug_macro   0x0000f002      0x1de obj\debug\stm32f10x_gpio.o
 .debug_macro   0x0000f1e0      0x2a7 obj\debug\stm32f10x_gpio.o
 .debug_macro   0x0000f487      0x2b0 obj\debug\stm32f10x_rcc.o
 .debug_macro   0x0000f737      0x3dc obj\debug\stm32f10x_rcc.o
 .debug_macro   0x0000fb13      0x1a8 obj\debug\stm32f10x_tim.o
 .debug_macro   0x0000fcbb      0x70b obj\debug\stm32f10x_tim.o
 .debug_macro   0x000103c6      0x253 obj\debug\usb_core.o
 .debug_macro   0x00010619      0x217 obj\debug\usb_init.o
 .debug_macro   0x00010830      0x217 obj\debug\usb_int.o
 .debug_macro   0x00010a47      0x217 obj\debug\usb_mem.o
 .debug_macro   0x00010c5e      0x217 obj\debug\usb_regs.o
 .debug_macro   0x00010e75      0x217 obj\debug\usb_sil.o

.debug_line     0x00000000     0x8b1c
 .debug_line    0x00000000      0x714 obj\debug\hw_config.o
 .debug_line    0x00000714      0x6c6 obj\debug\main.o
 .debug_line    0x00000dda       0x98 obj\debug\startup_stm32f10x_md.o
 .debug_line    0x00000e72      0x5fe obj\debug\stm32_it.o
 .debug_line    0x00001470      0x54d obj\debug\system_stm32f10x.o
 .debug_line    0x000019bd      0x5a6 obj\debug\usb_desc.o
 .debug_line    0x00001f63      0x5d9 obj\debug\usb_endp.o
 .debug_line    0x0000253c      0x62a obj\debug\usb_istr.o
 .debug_line    0x00002b66      0x659 obj\debug\usb_prop.o
 .debug_line    0x000031bf      0x654 obj\debug\usb_pwr.o
 .debug_line    0x00003813      0x50a obj\debug\misc.o
 .debug_line    0x00003d1d      0x63b obj\debug\stm32f10x_adc.o
 .debug_line    0x00004358      0x572 obj\debug\stm32f10x_dma.o
 .debug_line    0x000048ca      0x539 obj\debug\stm32f10x_exti.o
 .debug_line    0x00004e03      0x5be obj\debug\stm32f10x_gpio.o
 .debug_line    0x000053c1      0x61c obj\debug\stm32f10x_rcc.o
 .debug_line    0x000059dd      0x8e8 obj\debug\stm32f10x_tim.o
 .debug_line    0x000062c5      0x7fe obj\debug\usb_core.o
 .debug_line    0x00006ac3      0x5b6 obj\debug\usb_init.o
 .debug_line    0x00007079      0x68b obj\debug\usb_int.o
 .debug_line    0x00007704      0x5fd obj\debug\usb_mem.o
 .debug_line    0x00007d01      0x859 obj\debug\usb_regs.o
 .debug_line    0x0000855a      0x5c2 obj\debug\usb_sil.o

.debug_str      0x00000000    0x56f55
 .debug_str     0x00000000    0x5123c obj\debug\hw_config.o
                              0x513f0 (size before relaxing)
 .debug_str     0x0005123c     0x1b9b obj\debug\main.o
                              0x5241c (size before relaxing)
 .debug_str     0x00052dd7       0xdd obj\debug\stm32_it.o
                              0x504f2 (size before relaxing)
 .debug_str     0x00052eb4      0x136 obj\debug\system_stm32f10x.o
                              0x4dde2 (size before relaxing)
 .debug_str     0x00052fea       0xae obj\debug\usb_desc.o
                              0x506c7 (size before relaxing)
 .debug_str     0x00053098       0x30 obj\debug\usb_endp.o
                              0x50688 (size before relaxing)
 .debug_str     0x000530c8      0x1af obj\debug\usb_istr.o
                              0x50871 (size before relaxing)
 .debug_str     0x00053277      0x3ea obj\debug\usb_prop.o
                              0x51025 (size before relaxing)
 .debug_str     0x00053661       0x8c obj\debug\usb_pwr.o
                              0x5067d (size before relaxing)
 .debug_str     0x000536ed      0x119 obj\debug\misc.o
                              0x4debe (size before relaxing)
 .debug_str     0x00053806      0xab9 obj\debug\stm32f10x_adc.o
                              0x4e801 (size before relaxing)
 .debug_str     0x000542bf      0x6a6 obj\debug\stm32f10x_dma.o
                              0x4e35f (size before relaxing)
 .debug_str     0x00054965       0xf5 obj\debug\stm32f10x_exti.o
                              0x4de4b (size before relaxing)
 .debug_str     0x00054a5a      0x47b obj\debug\stm32f10x_gpio.o
                              0x4e225 (size before relaxing)
 .debug_str     0x00054ed5      0xacf obj\debug\stm32f10x_rcc.o
                              0x4e80b (size before relaxing)
 .debug_str     0x000559a4      0xb24 obj\debug\stm32f10x_tim.o
                              0x4e929 (size before relaxing)
 .debug_str     0x000564c8      0x5ac obj\debug\usb_core.o
                              0x50e90 (size before relaxing)
 .debug_str     0x00056a74       0x32 obj\debug\usb_init.o
                              0x507d1 (size before relaxing)
 .debug_str     0x00056aa6       0x2b obj\debug\usb_int.o
                              0x50485 (size before relaxing)
 .debug_str     0x00056ad1       0x6e obj\debug\usb_mem.o
                              0x50486 (size before relaxing)
 .debug_str     0x00056b3f      0x3aa obj\debug\usb_regs.o
                              0x5080e (size before relaxing)
 .debug_str     0x00056ee9       0x6c obj\debug\usb_sil.o
                              0x50494 (size before relaxing)

.debug_frame    0x00000000     0x2918
 .debug_frame   0x00000000      0x228 obj\debug\hw_config.o
 .debug_frame   0x00000228       0xa8 obj\debug\main.o
 .debug_frame   0x000002d0      0x120 obj\debug\stm32_it.o
 .debug_frame   0x000003f0       0x80 obj\debug\system_stm32f10x.o
 .debug_frame   0x00000470       0x44 obj\debug\usb_endp.o
 .debug_frame   0x000004b4       0x30 obj\debug\usb_istr.o
 .debug_frame   0x000004e4      0x19c obj\debug\usb_prop.o
 .debug_frame   0x00000680       0xa8 obj\debug\usb_pwr.o
 .debug_frame   0x00000728       0x9c obj\debug\misc.o
 .debug_frame   0x000007c4      0x400 obj\debug\stm32f10x_adc.o
 .debug_frame   0x00000bc4      0x144 obj\debug\stm32f10x_dma.o
 .debug_frame   0x00000d08       0xec obj\debug\stm32f10x_exti.o
 .debug_frame   0x00000df4      0x210 obj\debug\stm32f10x_gpio.o
 .debug_frame   0x00001004      0x388 obj\debug\stm32f10x_rcc.o
 .debug_frame   0x0000138c      0xa20 obj\debug\stm32f10x_tim.o
 .debug_frame   0x00001dac      0x254 obj\debug\usb_core.o
 .debug_frame   0x00002000       0x2c obj\debug\usb_init.o
 .debug_frame   0x0000202c       0x50 obj\debug\usb_int.o
 .debug_frame   0x0000207c       0x48 obj\debug\usb_mem.o
 .debug_frame   0x000020c4      0x684 obj\debug\usb_regs.o
 .debug_frame   0x00002748       0x68 obj\debug\usb_sil.o
 .debug_frame   0x000027b0       0x34 c:/program files (x86)/emblocks/1.45/share/em_armgcc/bin/../lib/gcc/arm-none-eabi/4.7.3/../../../../arm-none-eabi/lib/armv7-m\libc.a(lib_a-__atexit.o)
 .debug_frame   0x000027e4       0x28 c:/program files (x86)/emblocks/1.45/share/em_armgcc/bin/../lib/gcc/arm-none-eabi/4.7.3/../../../../arm-none-eabi/lib/armv7-m\libc.a(lib_a-exit.o)
 .debug_frame   0x0000280c       0x2c c:/program files (x86)/emblocks/1.45/share/em_armgcc/bin/../lib/gcc/arm-none-eabi/4.7.3/../../../../arm-none-eabi/lib/armv7-m\libc.a(lib_a-fini.o)
 .debug_frame   0x00002838       0x2c c:/program files (x86)/emblocks/1.45/share/em_armgcc/bin/../lib/gcc/arm-none-eabi/4.7.3/../../../../arm-none-eabi/lib/armv7-m\libc.a(lib_a-init.o)
 .debug_frame   0x00002864       0x2c c:/program files (x86)/emblocks/1.45/share/em_armgcc/bin/../lib/gcc/arm-none-eabi/4.7.3/../../../../arm-none-eabi/lib/armv7-m\libc.a(lib_a-memset.o)
 .debug_frame   0x00002890       0x48 c:/program files (x86)/emblocks/1.45/share/em_armgcc/bin/../lib/gcc/arm-none-eabi/4.7.3/../../../../arm-none-eabi/lib/armv7-m\libc.a(lib_a-__call_atexit.o)
 .debug_frame   0x000028d8       0x20 c:/program files (x86)/emblocks/1.45/share/em_armgcc/bin/../lib/gcc/arm-none-eabi/4.7.3/../../../../arm-none-eabi/lib/armv7-m\libc.a(lib_a-atexit.o)
 .debug_frame   0x000028f8       0x20 c:/program files (x86)/emblocks/1.45/share/em_armgcc/bin/../lib/gcc/arm-none-eabi/4.7.3/../../../../arm-none-eabi/lib/armv7-m\libnosys.a(_exit.o)
